2026-02-17 13:06:15,983 - f:db:171 [DEBUG]:
Lectura SELECT * FROM alumnos correcta
2026-02-17 13:06:15,983 - f:tabla_alumnos:86 [DEBUG]:
[[1, 'Luis', 'Ferreira', 46], [2, 'Juan', 'Palomo', 16]]
2026-02-17 13:06:15,983 - f:tabla_alumnos:125 [DEBUG]:
Columnas: ['id', 'nombre', 'apellidos', 'edad']
2026-02-17 13:06:15,985 - f:tabla_alumnos:125 [DEBUG]:
Columnas: ['id', 'nombre', 'apellidos', 'edad']
2026-02-17 13:06:15,986 - f:tabla_alumnos:125 [DEBUG]:
Columnas: ['id', 'nombre', 'apellidos', 'edad']
2026-02-17 13:06:15,986 - f:tabla_alumnos:125 [DEBUG]:
Columnas: ['id', 'nombre', 'apellidos', 'edad']
2026-02-17 13:07:47,731 - f:db:171 [DEBUG]:
Lectura SELECT * FROM alumnos correcta
2026-02-17 13:07:47,731 - f:tabla_alumnos:86 [DEBUG]:
[[1, 'Luis', 'Ferreira', 46], [2, 'Juan', 'Palomo', 16]]
2026-02-17 13:07:47,731 - f:tabla_alumnos:125 [DEBUG]:
Columnas: ['id', 'nombre', 'apellidos', 'edad']
2026-02-17 13:10:34,145 - f:db:171 [DEBUG]:
Lectura SELECT * FROM alumnos correcta
2026-02-17 13:10:34,145 - f:tabla_alumnos:86 [DEBUG]:
[[1, 'Luis', 'Ferreira', 46], [2, 'Juan', 'Palomo', 16]]
2026-02-17 13:10:34,145 - f:tabla_alumnos:125 [DEBUG]:
Columnas: ['id', 'nombre', 'apellidos', 'edad']
2026-02-17 13:10:34,147 - f:tabla_alumnos:125 [DEBUG]:
Columnas: ['id', 'nombre', 'apellidos', 'edad']
2026-02-17 13:10:34,147 - f:tabla_alumnos:125 [DEBUG]:
Columnas: ['id', 'nombre', 'apellidos', 'edad']
2026-02-17 13:10:34,147 - f:tabla_alumnos:125 [DEBUG]:
Columnas: ['id', 'nombre', 'apellidos', 'edad']
2026-02-17 13:12:29,839 - f:db:171 [DEBUG]:
Lectura SELECT * FROM alumnos correcta
2026-02-17 13:12:29,839 - f:tabla_alumnos:86 [DEBUG]:
[[1, 'Luis', 'Ferreira', 46], [2, 'Juan', 'Palomo', 16]]
2026-02-17 13:12:29,839 - f:tabla_alumnos:125 [DEBUG]:
Columnas: ['id', 'nombre', 'apellidos', 'edad']
2026-02-17 13:13:05,716 - f:db:171 [DEBUG]:
Lectura SELECT * FROM alumnos correcta
2026-02-17 13:13:05,716 - f:tabla_alumnos:86 [DEBUG]:
[[1, 'Luis', 'Ferreira', 46], [2, 'Juan', 'Palomo', 16]]
2026-02-17 13:13:05,716 - f:tabla_alumnos:125 [DEBUG]:
Columnas: ['id', 'nombre', 'apellidos', 'edad']
2026-02-17 13:13:05,718 - f:tabla_alumnos:125 [DEBUG]:
Columnas: ['id', 'nombre', 'apellidos', 'edad']
2026-02-17 13:13:05,718 - f:tabla_alumnos:125 [DEBUG]:
Columnas: ['id', 'nombre', 'apellidos', 'edad']
2026-02-17 13:13:05,719 - f:tabla_alumnos:125 [DEBUG]:
Columnas: ['id', 'nombre', 'apellidos', 'edad']
2026-02-17 13:13:41,609 - f:db:171 [DEBUG]:
Lectura SELECT * FROM alumnos correcta
2026-02-17 13:13:41,610 - f:tabla_alumnos:86 [DEBUG]:
[[1, 'Luis', 'Ferreira', 46], [2, 'Juan', 'Palomo', 16]]
2026-02-17 13:13:41,610 - f:tabla_alumnos:125 [DEBUG]:
Columnas: ['id', 'nombre', 'apellidos', 'edad']
2026-02-17 13:13:41,612 - f:tabla_alumnos:125 [DEBUG]:
Columnas: ['id', 'nombre', 'apellidos', 'edad']
2026-02-17 13:13:41,612 - f:tabla_alumnos:125 [DEBUG]:
Columnas: ['id', 'nombre', 'apellidos', 'edad']
2026-02-17 13:13:41,612 - f:tabla_alumnos:125 [DEBUG]:
Columnas: ['id', 'nombre', 'apellidos', 'edad']
2026-02-17 13:14:21,789 - f:db:171 [DEBUG]:
Lectura SELECT * FROM alumnos correcta
2026-02-17 13:14:21,789 - f:tabla_alumnos:86 [DEBUG]:
[[1, 'Luis', 'Ferreira', 46], [2, 'Juan', 'Palomo', 16]]
2026-02-17 13:14:21,789 - f:tabla_alumnos:125 [DEBUG]:
Columnas: ['id', 'nombre', 'apellidos', 'edad']
2026-02-17 13:14:21,791 - f:tabla_alumnos:125 [DEBUG]:
Columnas: ['id', 'nombre', 'apellidos', 'edad']
2026-02-17 13:14:21,792 - f:tabla_alumnos:125 [DEBUG]:
Columnas: ['id', 'nombre', 'apellidos', 'edad']
2026-02-17 13:14:21,792 - f:tabla_alumnos:125 [DEBUG]:
Columnas: ['id', 'nombre', 'apellidos', 'edad']
2026-02-17 13:14:38,184 - f:db:171 [DEBUG]:
Lectura SELECT * FROM alumnos correcta
2026-02-17 13:14:38,184 - f:tabla_alumnos:86 [DEBUG]:
[[1, 'Luis', 'Ferreira', 46], [2, 'Juan', 'Palomo', 16]]
2026-02-17 13:14:38,185 - f:tabla_alumnos:125 [DEBUG]:
Columnas: ['id', 'nombre', 'apellidos', 'edad']
2026-02-17 13:14:38,187 - f:tabla_alumnos:125 [DEBUG]:
Columnas: ['id', 'nombre', 'apellidos', 'edad']
2026-02-17 13:14:38,187 - f:tabla_alumnos:125 [DEBUG]:
Columnas: ['id', 'nombre', 'apellidos', 'edad']
2026-02-17 13:14:38,187 - f:tabla_alumnos:125 [DEBUG]:
Columnas: ['id', 'nombre', 'apellidos', 'edad']
2026-02-17 13:15:20,627 - f:db:171 [DEBUG]:
Lectura SELECT * FROM alumnos correcta
2026-02-17 13:15:20,627 - f:tabla_alumnos:86 [DEBUG]:
[[1, 'Luis', 'Ferreira', 46], [2, 'Juan', 'Palomo', 16]]
2026-02-17 13:15:20,627 - f:tabla_alumnos:125 [DEBUG]:
Columnas: ['id', 'nombre', 'apellidos', 'edad']
2026-02-17 13:15:20,629 - f:tabla_alumnos:125 [DEBUG]:
Columnas: ['id', 'nombre', 'apellidos', 'edad']
2026-02-17 13:15:20,630 - f:tabla_alumnos:125 [DEBUG]:
Columnas: ['id', 'nombre', 'apellidos', 'edad']
2026-02-17 13:15:20,630 - f:tabla_alumnos:125 [DEBUG]:
Columnas: ['id', 'nombre', 'apellidos', 'edad']
2026-02-17 13:15:48,444 - f:db:171 [DEBUG]:
Lectura SELECT * FROM alumnos correcta
2026-02-17 13:15:48,444 - f:tabla_alumnos:86 [DEBUG]:
[[1, 'Luis', 'Ferreira', 46], [2, 'Juan', 'Palomo', 16]]
2026-02-17 13:15:48,444 - f:tabla_alumnos:125 [DEBUG]:
Columnas: ['id', 'nombre', 'apellidos', 'edad']
2026-02-17 13:15:48,446 - f:tabla_alumnos:125 [DEBUG]:
Columnas: ['id', 'nombre', 'apellidos', 'edad']
2026-02-17 13:15:48,447 - f:tabla_alumnos:125 [DEBUG]:
Columnas: ['id', 'nombre', 'apellidos', 'edad']
2026-02-17 13:15:48,447 - f:tabla_alumnos:125 [DEBUG]:
Columnas: ['id', 'nombre', 'apellidos', 'edad']
2026-02-17 13:21:31,288 - f:db:171 [DEBUG]:
Lectura SELECT * FROM alumnos correcta
2026-02-17 13:21:31,288 - f:tabla_alumnos:86 [DEBUG]:
[[1, 'Luis', 'Ferreira', 46], [2, 'Juan', 'Palomo', 16]]
2026-02-17 13:21:31,289 - f:tabla_alumnos:125 [DEBUG]:
Columnas: ['id', 'nombre', 'apellidos', 'edad']
2026-02-17 13:22:01,213 - f:db:171 [DEBUG]:
Lectura SELECT * FROM alumnos correcta
2026-02-17 13:22:01,214 - f:tabla_alumnos:86 [DEBUG]:
[[1, 'Luis', 'Ferreira', 46], [2, 'Juan', 'Palomo', 16]]
2026-02-17 13:22:01,214 - f:tabla_alumnos:125 [DEBUG]:
Columnas: ['id', 'nombre', 'apellidos', 'edad']
2026-02-17 13:22:56,159 - f:db:171 [DEBUG]:
Lectura SELECT * FROM alumnos correcta
2026-02-17 13:22:56,159 - f:tabla_alumnos:86 [DEBUG]:
[[1, 'Luis', 'Ferreira', 46], [2, 'Juan', 'Palomo', 16]]
2026-02-17 13:22:56,160 - f:tabla_alumnos:125 [DEBUG]:
Columnas: ['id', 'nombre', 'apellidos', 'edad']
2026-02-17 13:25:48,246 - f:db:171 [DEBUG]:
Lectura SELECT * FROM alumnos correcta
2026-02-17 13:25:48,246 - f:tabla_alumnos:86 [DEBUG]:
[[1, 'Luis', 'Ferreira', 46], [2, 'Juan', 'Palomo', 16]]
2026-02-17 13:25:48,246 - f:tabla_alumnos:125 [DEBUG]:
Columnas: ['id', 'nombre', 'apellidos', 'edad']
2026-02-17 13:25:48,249 - f:tabla_alumnos:125 [DEBUG]:
Columnas: ['id', 'nombre', 'apellidos', 'edad']
2026-02-17 13:25:48,249 - f:tabla_alumnos:125 [DEBUG]:
Columnas: ['id', 'nombre', 'apellidos', 'edad']
2026-02-17 13:25:48,249 - f:tabla_alumnos:125 [DEBUG]:
Columnas: ['id', 'nombre', 'apellidos', 'edad']
2026-02-17 13:27:22,930 - f:db:171 [DEBUG]:
Lectura SELECT * FROM alumnos correcta
2026-02-17 13:27:22,930 - f:tabla_alumnos:86 [DEBUG]:
[[1, 'Luis', 'Ferreira', 46], [2, 'Juan', 'Palomo', 16]]
2026-02-17 13:27:22,931 - f:tabla_alumnos:125 [DEBUG]:
Columnas: ['id', 'nombre', 'apellidos', 'edad']
2026-02-17 13:27:22,933 - f:tabla_alumnos:125 [DEBUG]:
Columnas: ['id', 'nombre', 'apellidos', 'edad']
2026-02-17 13:27:22,933 - f:tabla_alumnos:125 [DEBUG]:
Columnas: ['id', 'nombre', 'apellidos', 'edad']
2026-02-17 13:27:22,933 - f:tabla_alumnos:125 [DEBUG]:
Columnas: ['id', 'nombre', 'apellidos', 'edad']
2026-02-17 13:30:29,501 - f:db:171 [DEBUG]:
Lectura SELECT * FROM alumnos correcta
2026-02-17 13:30:29,501 - f:tabla_alumnos:86 [DEBUG]:
[[1, 'Luis', 'Ferreira', 46], [2, 'Juan', 'Palomo', 16]]
2026-02-17 13:30:29,501 - f:tabla_alumnos:125 [DEBUG]:
Columnas: ['id', 'nombre', 'apellidos', 'edad']
2026-02-17 13:30:29,503 - f:tabla_alumnos:125 [DEBUG]:
Columnas: ['id', 'nombre', 'apellidos', 'edad']
2026-02-17 13:30:29,504 - f:tabla_alumnos:125 [DEBUG]:
Columnas: ['id', 'nombre', 'apellidos', 'edad']
2026-02-17 13:30:29,504 - f:tabla_alumnos:125 [DEBUG]:
Columnas: ['id', 'nombre', 'apellidos', 'edad']
2026-02-17 13:31:05,832 - f:db:171 [DEBUG]:
Lectura SELECT * FROM alumnos correcta
2026-02-17 13:31:05,832 - f:tabla_alumnos:86 [DEBUG]:
[[1, 'Luis', 'Ferreira', 46], [2, 'Juan', 'Palomo', 16]]
2026-02-17 13:32:37,050 - f:db:171 [DEBUG]:
Lectura SELECT * FROM alumnos correcta
2026-02-17 13:32:37,050 - f:tabla_alumnos:86 [DEBUG]:
[[1, 'Luis', 'Ferreira', 46], [2, 'Juan', 'Palomo', 16]]
2026-02-17 13:32:37,054 - f:tabla_alumnos:162 [DEBUG]:
Columnas: ['id', 'nombre', 'apellidos', 'edad']
2026-02-17 13:32:37,055 - f:tabla_alumnos:162 [DEBUG]:
Columnas: ['id', 'nombre', 'apellidos', 'edad']
2026-02-17 13:32:37,056 - f:tabla_alumnos:162 [DEBUG]:
Columnas: ['id', 'nombre', 'apellidos', 'edad']
2026-02-17 13:34:14,637 - f:db:171 [DEBUG]:
Lectura SELECT * FROM alumnos correcta
2026-02-17 13:34:14,637 - f:tabla_alumnos:86 [DEBUG]:
[[1, 'Luis', 'Ferreira', 46], [2, 'Juan', 'Palomo', 16]]
2026-02-17 13:34:14,641 - f:tabla_alumnos:162 [DEBUG]:
Columnas: ['id', 'nombre', 'apellidos', 'edad']
2026-02-17 13:34:14,643 - f:tabla_alumnos:162 [DEBUG]:
Columnas: ['id', 'nombre', 'apellidos', 'edad']
2026-02-17 13:34:14,643 - f:tabla_alumnos:162 [DEBUG]:
Columnas: ['id', 'nombre', 'apellidos', 'edad']
2026-02-17 13:37:02,195 - f:db:171 [DEBUG]:
Lectura SELECT * FROM alumnos correcta
2026-02-17 13:37:02,195 - f:tabla_alumnos:86 [DEBUG]:
[[1, 'Luis', 'Ferreira', 46], [2, 'Juan', 'Palomo', 16]]
2026-02-17 13:37:02,199 - f:tabla_alumnos:162 [DEBUG]:
Columnas: ['id', 'nombre', 'apellidos', 'edad']
2026-02-17 13:37:02,201 - f:tabla_alumnos:162 [DEBUG]:
Columnas: ['id', 'nombre', 'apellidos', 'edad']
2026-02-17 13:37:02,201 - f:tabla_alumnos:162 [DEBUG]:
Columnas: ['id', 'nombre', 'apellidos', 'edad']
2026-02-18 08:10:21,573 - f:db:171 [DEBUG]:
Lectura SELECT * FROM alumnos correcta
2026-02-18 08:10:21,573 - f:tabla_alumnos:86 [DEBUG]:
[[1, 'Luis', 'Ferreira', 46], [2, 'Juan', 'Palomo', 16]]
2026-02-18 08:10:21,577 - f:tabla_alumnos:162 [DEBUG]:
Columnas: ['id', 'nombre', 'apellidos', 'edad']
2026-02-18 08:10:21,579 - f:tabla_alumnos:162 [DEBUG]:
Columnas: ['id', 'nombre', 'apellidos', 'edad']
2026-02-18 08:10:21,579 - f:tabla_alumnos:162 [DEBUG]:
Columnas: ['id', 'nombre', 'apellidos', 'edad']
2026-02-18 08:25:29,463 - f:db:206 [DEBUG]:
Lectura SELECT * FROM alumnos correcta
2026-02-18 08:25:29,463 - f:tabla_alumnos:86 [DEBUG]:
[[1, 'Luis', 'Ferreira', 46], [2, 'Juan', 'Palomo', 16]]
2026-02-18 08:25:29,467 - f:tabla_alumnos:162 [DEBUG]:
Columnas: ['id', 'nombre', 'apellidos', 'edad']
2026-02-18 08:25:29,468 - f:tabla_alumnos:162 [DEBUG]:
Columnas: ['id', 'nombre', 'apellidos', 'edad']
2026-02-18 08:25:29,469 - f:tabla_alumnos:162 [DEBUG]:
Columnas: ['id', 'nombre', 'apellidos', 'edad']
2026-02-18 08:25:30,668 - f:dbTipo:122 [ERROR]:
Error en la inserción sobre 'gac2': 1366 (22007): Incorrect integer value: '' for column `gac2`.`alumnos`.`edad` at row 1
2026-02-18 08:25:30,668 - f:dbTipo:122 [ERROR]:
Ocurrió un error
2026-02-18 08:25:45,934 - f:dbTipo:118 [INFO]:
Insertados/Actualizados/Borrados 1 registros sobre gac2.
2026-02-18 08:31:44,547 - f:db:206 [DEBUG]:
Lectura SELECT * FROM alumnos correcta
2026-02-18 08:31:44,547 - f:tabla_alumnos:86 [DEBUG]:
[[1, 'Luis', 'Ferreira', 46], [2, 'Juan', 'Palomo', 16]]
2026-02-18 08:32:32,715 - f:db:206 [DEBUG]:
Lectura SELECT * FROM alumnos correcta
2026-02-18 08:32:32,715 - f:tabla_alumnos:86 [DEBUG]:
[[1, 'Luis', 'Ferreira', 46], [2, 'Juan', 'Palomo', 16]]
2026-02-18 08:33:43,869 - f:db:206 [DEBUG]:
Lectura SELECT * FROM alumnos correcta
2026-02-18 08:33:43,869 - f:tabla_alumnos:86 [DEBUG]:
[[1, 'Luis', 'Ferreira', 46], [2, 'Juan', 'Palomo', 16]]
2026-02-18 08:33:43,875 - f:db:206 [DEBUG]:
Lectura SELECT * FROM alumnos correcta
2026-02-18 08:33:43,875 - f:db:206 [DEBUG]:
Lectura SELECT * FROM alumnos correcta
2026-02-18 08:33:43,876 - f:db:206 [DEBUG]:
Lectura SELECT * FROM alumnos correcta
2026-02-18 08:33:47,225 - f:db:206 [DEBUG]:
Lectura SELECT * FROM alumnos correcta
2026-02-18 08:33:48,318 - f:db:206 [DEBUG]:
Lectura SELECT * FROM alumnos correcta
2026-02-18 08:33:48,797 - f:db:206 [DEBUG]:
Lectura SELECT * FROM alumnos correcta
2026-02-18 08:37:49,768 - f:dbTipo:118 [INFO]:
Insertados/Actualizados/Borrados 1 registros sobre gac2.
2026-02-18 08:37:57,325 - f:db:206 [DEBUG]:
Lectura SELECT * FROM alumnos correcta
2026-02-18 08:41:23,027 - f:dbTipo:118 [INFO]:
Ninguna fila afectada con la consulta '
        UPDATE alumnos
        SET nombre=%s,apellidos=%s,edad=%s
        WHERE id=%s
        '.
2026-02-18 08:41:23,028 - f:db:206 [DEBUG]:
Lectura SELECT * FROM alumnos correcta
2026-02-18 08:41:54,519 - f:dbTipo:118 [INFO]:
Insertados/Actualizados/Borrados 1 registros sobre gac2.
2026-02-18 08:41:54,520 - f:db:206 [DEBUG]:
Lectura SELECT * FROM alumnos correcta
2026-02-18 08:42:09,388 - f:dbTipo:118 [INFO]:
Insertados/Actualizados/Borrados 1 registros sobre gac2.
2026-02-18 08:42:09,389 - f:db:206 [DEBUG]:
Lectura SELECT * FROM alumnos correcta
2026-02-18 08:42:15,759 - f:db:206 [DEBUG]:
Lectura SELECT * FROM alumnos correcta
2026-02-18 08:54:51,467 - f:db:206 [DEBUG]:
Lectura SELECT * FROM alumnos correcta
2026-02-18 08:54:51,467 - f:tabla_alumnos:86 [DEBUG]:
[[1, 'Luis', 'Ferreira', 46], [2, 'Juan', 'Palomo', 16]]
2026-02-18 08:54:51,473 - f:db:206 [DEBUG]:
Lectura SELECT * FROM alumnos correcta
2026-02-18 08:54:51,473 - f:db:206 [DEBUG]:
Lectura SELECT * FROM alumnos correcta
2026-02-18 08:54:51,474 - f:db:206 [DEBUG]:
Lectura SELECT * FROM alumnos correcta
2026-02-18 08:55:10,903 - f:db:206 [DEBUG]:
Lectura SELECT * FROM alumnos correcta
2026-02-18 09:06:46,583 - f:db:206 [DEBUG]:
Lectura SELECT * FROM alumnos correcta
2026-02-18 09:06:46,583 - f:tabla_alumnos:86 [DEBUG]:
[[1, 'Luis', 'Ferreira', 46], [2, 'Juan', 'Palomo', 16]]
2026-02-18 09:06:46,589 - f:db:206 [DEBUG]:
Lectura SELECT * FROM alumnos correcta
2026-02-18 09:06:46,590 - f:db:206 [DEBUG]:
Lectura SELECT * FROM alumnos correcta
2026-02-18 09:06:46,590 - f:db:206 [DEBUG]:
Lectura SELECT * FROM alumnos correcta
2026-02-18 09:13:09,813 - f:db:206 [DEBUG]:
Lectura SELECT * FROM alumnos correcta
2026-02-18 09:13:09,813 - f:tabla_alumnos:86 [DEBUG]:
[[1, 'Luis', 'Ferreira', 46], [2, 'Juan', 'Palomo', 16]]
2026-02-18 09:13:09,818 - f:db:206 [DEBUG]:
Lectura SELECT * FROM alumnos correcta
2026-02-18 09:13:09,819 - f:db:206 [DEBUG]:
Lectura SELECT * FROM alumnos correcta
2026-02-18 09:13:09,819 - f:db:206 [DEBUG]:
Lectura SELECT * FROM alumnos correcta
2026-02-18 09:13:16,232 - f:db:206 [DEBUG]:
Lectura SELECT * FROM calificaciones correcta
2026-02-18 09:13:16,233 - f:tabla_calificaciones:86 [DEBUG]:
[[1, 1, Decimal('5.45')], [2, 2, Decimal('7.00')]]
2026-02-18 09:13:16,233 - f:db:206 [DEBUG]:
Lectura SELECT * FROM alumnos correcta
2026-02-18 09:13:16,235 - f:db:206 [DEBUG]:
Lectura SELECT * FROM alumnos correcta
2026-02-18 09:13:16,235 - f:db:206 [DEBUG]:
Lectura SELECT * FROM alumnos correcta
2026-02-24 08:26:12,854 - f:db:212 [DEBUG]:
Lectura SELECT * FROM alumnos correcta
2026-02-24 08:26:12,854 - f:tabla_alumnos:86 [DEBUG]:
[[1, 'Luis', 'Ferreira', 46], [2, 'Juan', 'Palomo', 16]]
2026-02-24 08:26:12,860 - f:db:212 [DEBUG]:
Lectura SELECT * FROM alumnos correcta
2026-02-24 08:26:12,861 - f:db:212 [DEBUG]:
Lectura SELECT * FROM alumnos correcta
2026-02-24 08:26:12,861 - f:db:212 [DEBUG]:
Lectura SELECT * FROM alumnos correcta
2026-02-24 08:26:30,529 - f:dbTipo:125 [INFO]:
Insertados/Actualizados/Borrados 1 registros sobre gac2.
2026-02-24 08:26:33,756 - f:db:212 [DEBUG]:
Lectura SELECT * FROM alumnos correcta
2026-02-24 08:27:09,296 - f:dbTipo:125 [INFO]:
Conectando a la base de datos SQLite en '/media/homeUbuntu/luis/Documentos/cursos/fp_a_distancia/26-Python/gac/tarea2/salida/python/salida/php/db_in_sqlite.db'...
2026-02-24 08:27:09,296 - f:dbTipo:125 [INFO]:
Conectando a la base de datos SQLite en '/media/homeUbuntu/luis/Documentos/cursos/fp_a_distancia/26-Python/gac/tarea2/salida/python/salida/php/db_in_sqlite.db'...
2026-02-24 08:27:18,416 - f:dbTipo:125 [INFO]:
Conectando a la base de datos SQLite en '/media/homeUbuntu/luis/Documentos/cursos/fp_a_distancia/26-Python/gac/tarea2/salida/python/salida/php/db_in_sqlite.db'...
2026-02-24 08:27:18,416 - f:dbTipo:125 [INFO]:
Conectando a la base de datos SQLite en '/media/homeUbuntu/luis/Documentos/cursos/fp_a_distancia/26-Python/gac/tarea2/salida/python/salida/php/db_in_sqlite.db'...
2026-02-24 11:36:28,257 - f:db:212 [DEBUG]:
Lectura SELECT * FROM alumnos correcta
2026-02-24 11:36:28,263 - f:tabla_alumnos:86 [DEBUG]:
[[1, 'Luis', 'Ferreira', 46], [2, 'Juan', 'Palomo', 16]]
2026-02-24 11:36:28,271 - f:db:212 [DEBUG]:
Lectura SELECT * FROM alumnos correcta
2026-02-24 11:36:28,272 - f:db:212 [DEBUG]:
Lectura SELECT * FROM alumnos correcta
2026-02-24 11:36:28,272 - f:db:212 [DEBUG]:
Lectura SELECT * FROM alumnos correcta
2026-02-24 11:59:58,720 - f:db:212 [DEBUG]:
Lectura SELECT * FROM alumnos correcta
2026-02-24 11:59:58,720 - f:tabla_alumnos:86 [DEBUG]:
[[1, 'Luis', 'Ferreira', 46], [2, 'Juan', 'Palomo', 16]]
2026-02-24 11:59:58,727 - f:db:212 [DEBUG]:
Lectura SELECT * FROM alumnos correcta
2026-02-24 11:59:58,727 - f:db:212 [DEBUG]:
Lectura SELECT * FROM alumnos correcta
2026-02-24 11:59:58,728 - f:db:212 [DEBUG]:
Lectura SELECT * FROM alumnos correcta
2026-02-24 12:01:36,739 - f:tabla_alumnos:80 [DEBUG]:
Path to sql:templates/mariadb/sql
2026-02-24 12:01:36,753 - f:db:212 [DEBUG]:
Lectura SELECT * FROM alumnos correcta
2026-02-24 12:01:36,753 - f:tabla_alumnos:88 [DEBUG]:
[[1, 'Luis', 'Ferreira', 46], [2, 'Juan', 'Palomo', 16]]
2026-02-24 12:01:36,760 - f:db:212 [DEBUG]:
Lectura SELECT * FROM alumnos correcta
2026-02-24 12:01:36,761 - f:db:212 [DEBUG]:
Lectura SELECT * FROM alumnos correcta
2026-02-24 12:01:36,761 - f:db:212 [DEBUG]:
Lectura SELECT * FROM alumnos correcta
2026-02-24 12:04:17,983 - f:tabla_alumnos:81 [DEBUG]:
Path to sql:/media/homeUbuntu/luis/Documentos/cursos/fp_a_distancia/26-Python/gac/tarea2/salida/python/templates/sql
2026-02-24 12:04:17,998 - f:db:212 [DEBUG]:
Lectura SELECT * FROM alumnos correcta
2026-02-24 12:04:17,998 - f:tabla_alumnos:89 [DEBUG]:
[[1, 'Luis', 'Ferreira', 46], [2, 'Juan', 'Palomo', 16]]
2026-02-24 12:04:18,003 - f:db:212 [DEBUG]:
Lectura SELECT * FROM alumnos correcta
2026-02-24 12:04:18,004 - f:db:212 [DEBUG]:
Lectura SELECT * FROM alumnos correcta
2026-02-24 12:04:18,004 - f:db:212 [DEBUG]:
Lectura SELECT * FROM alumnos correcta
2026-02-24 12:04:30,020 - f:tabla_alumnos:81 [DEBUG]:
Path to sql:/media/homeUbuntu/luis/Documentos/cursos/fp_a_distancia/26-Python/gac/tarea2/salida/python/templates/sql
2026-02-24 12:04:30,033 - f:db:212 [DEBUG]:
Lectura SELECT * FROM alumnos correcta
2026-02-24 12:04:30,033 - f:tabla_alumnos:89 [DEBUG]:
[[1, 'Luis', 'Ferreira', 46], [2, 'Juan', 'Palomo', 16]]
2026-02-24 12:04:30,038 - f:db:212 [DEBUG]:
Lectura SELECT * FROM alumnos correcta
2026-02-24 12:04:30,038 - f:db:212 [DEBUG]:
Lectura SELECT * FROM alumnos correcta
2026-02-24 12:04:30,039 - f:db:212 [DEBUG]:
Lectura SELECT * FROM alumnos correcta
2026-02-24 12:04:54,809 - f:tabla_alumnos:81 [DEBUG]:
Path to sql:/media/homeUbuntu/luis/Documentos/cursos/fp_a_distancia/26-Python/gac/tarea2/salida/python/templates/sql
2026-02-24 12:04:54,809 - f:dbTipo:125 [INFO]:
Conectando a la base de datos SQLite en '/media/homeUbuntu/luis/Documentos/cursos/fp_a_distancia/26-Python/gac/tarea2/salida/python/salida/php/db_in_sqlite.db'...
2026-02-24 12:04:54,810 - f:dbTipo:125 [INFO]:
Conectando a la base de datos SQLite en '/media/homeUbuntu/luis/Documentos/cursos/fp_a_distancia/26-Python/gac/tarea2/salida/python/salida/php/db_in_sqlite.db'...
2026-02-24 12:06:15,767 - f:tabla_alumnos:81 [DEBUG]:
Path to sql:/media/homeUbuntu/luis/Documentos/cursos/fp_a_distancia/26-Python/gac/tarea2/salida/python/templates/sql
2026-02-24 12:06:15,767 - f:dbTipo:125 [INFO]:
Conectando a la base de datos SQLite en '/media/homeUbuntu/luis/Documentos/cursos/fp_a_distancia/26-Python/gac/tarea2/salida/python/salida/php/db_in_sqlite.db'...
2026-02-24 12:06:15,767 - f:dbTipo:125 [INFO]:
Conectando a la base de datos SQLite en '/media/homeUbuntu/luis/Documentos/cursos/fp_a_distancia/26-Python/gac/tarea2/salida/python/salida/php/db_in_sqlite.db'...
2026-02-24 12:14:45,452 - f:tabla_alumnos:81 [DEBUG]:
Path to sql:/media/homeUbuntu/luis/Documentos/cursos/fp_a_distancia/26-Python/gac/tarea2/salida/python/templates/sql
2026-02-24 12:14:45,459 - f:dbTipo:125 [INFO]:
Conectando a la base de datos SQLite en '/media/homeUbuntu/luis/Documentos/cursos/fp_a_distancia/26-Python/gac/tarea2/salida/python/salida/php/db_in_sqlite.db'...
2026-02-24 12:14:45,459 - f:dbTipo:125 [INFO]:
Conectando a la base de datos SQLite en '/media/homeUbuntu/luis/Documentos/cursos/fp_a_distancia/26-Python/gac/tarea2/salida/python/salida/php/db_in_sqlite.db'...
2026-02-24 12:15:02,837 - f:tabla_alumnos:81 [DEBUG]:
Path to sql:/media/homeUbuntu/luis/Documentos/cursos/fp_a_distancia/26-Python/gac/tarea2/salida/python/templates/sql
2026-02-24 12:15:02,837 - f:dbTipo:125 [INFO]:
Conectando a la base de datos SQLite en '/media/homeUbuntu/luis/Documentos/cursos/fp_a_distancia/26-Python/gac/tarea2/salida/python/salida/php/db_in_sqlite.db'...
2026-02-24 12:15:02,837 - f:dbTipo:125 [INFO]:
Conectando a la base de datos SQLite en '/media/homeUbuntu/luis/Documentos/cursos/fp_a_distancia/26-Python/gac/tarea2/salida/python/salida/php/db_in_sqlite.db'...
2026-02-25 07:39:44,411 - f:tabla_alumnos:51 [DEBUG]:
Path to sql:/media/homeUbuntu/luis/Documentos/cursos/fp_a_distancia/26-Python/gac/tarea2/salida/python/templates/sql
2026-02-25 07:39:44,426 - f:db:212 [DEBUG]:
Lectura SELECT * FROM alumnos correcta
2026-02-25 07:39:44,426 - f:tabla_alumnos:59 [DEBUG]:
[[1, 'Luis', 'Ferreira', 46], [2, 'Juan', 'Palomo', 16]]
2026-02-25 07:39:44,434 - f:db:212 [DEBUG]:
Lectura SELECT * FROM alumnos correcta
2026-02-25 07:39:44,435 - f:db:212 [DEBUG]:
Lectura SELECT * FROM alumnos correcta
2026-02-25 07:39:44,436 - f:db:212 [DEBUG]:
Lectura SELECT * FROM alumnos correcta
2026-02-25 08:04:48,162 - f:tabla_alumnos:51 [DEBUG]:
Path to sql:/media/homeUbuntu/luis/Documentos/cursos/fp_a_distancia/26-Python/gac/tarea2/salida/python/templates/sql
2026-02-25 08:04:48,162 - f:dbTipo:125 [INFO]:
Conectando a la base de datos SQLite en '/media/homeUbuntu/luis/Documentos/cursos/fp_a_distancia/26-Python/gac/tarea2/salida/python/salida/php/db_in_sqlite.db'...
2026-02-25 08:04:48,162 - f:dbTipo:125 [INFO]:
Conectando a la base de datos SQLite en '/media/homeUbuntu/luis/Documentos/cursos/fp_a_distancia/26-Python/gac/tarea2/salida/python/salida/php/db_in_sqlite.db'...
2026-02-25 08:10:30,171 - f:tabla_alumnos:51 [DEBUG]:
Path to sql:/media/homeUbuntu/luis/Documentos/cursos/fp_a_distancia/26-Python/gac/tarea2/salida/python/templates/sql
2026-02-25 08:10:30,171 - f:dbTipo:125 [INFO]:
Conectando a la base de datos SQLite en '/media/homeUbuntu/luis/Documentos/cursos/fp_a_distancia/26-Python/gac/tarea2/salida/python/salida/php/db_in_sqlite.db'...
2026-02-25 08:10:30,172 - f:dbTipo:125 [INFO]:
Conectando a la base de datos SQLite en '/media/homeUbuntu/luis/Documentos/cursos/fp_a_distancia/26-Python/gac/tarea2/salida/python/salida/php/db_in_sqlite.db'...
2026-02-25 08:27:35,823 - f:tabla_alumnos:52 [DEBUG]:
Path to sql:/media/homeUbuntu/luis/Documentos/cursos/fp_a_distancia/26-Python/gac/tarea2/salida/python/templates/sql
2026-02-25 08:27:35,823 - f:dbTipo:125 [INFO]:
Conectando a la base de datos SQLite en '/media/homeUbuntu/luis/Documentos/cursos/fp_a_distancia/26-Python/gac/tarea2/salida/python/salida/php/db_in_sqlite.db'...
2026-02-25 08:27:35,823 - f:dbTipo:125 [INFO]:
Conectando a la base de datos SQLite en '/media/homeUbuntu/luis/Documentos/cursos/fp_a_distancia/26-Python/gac/tarea2/salida/python/salida/php/db_in_sqlite.db'...
2026-02-25 08:28:11,357 - f:tabla_alumnos:52 [DEBUG]:
Path to sql:/media/homeUbuntu/luis/Documentos/cursos/fp_a_distancia/26-Python/gac/tarea2/salida/python/templates/sql
2026-02-25 08:28:11,357 - f:dbTipo:125 [INFO]:
Conectando a la base de datos SQLite en '/media/homeUbuntu/luis/Documentos/cursos/fp_a_distancia/26-Python/gac/tarea2/salida/python/salida/php/db_in_sqlite.db'...
2026-02-25 08:28:11,357 - f:dbTipo:125 [INFO]:
Conectando a la base de datos SQLite en '/media/homeUbuntu/luis/Documentos/cursos/fp_a_distancia/26-Python/gac/tarea2/salida/python/salida/php/db_in_sqlite.db'...
2026-02-25 08:28:57,068 - f:tabla_alumnos:52 [DEBUG]:
Path to sql:/media/homeUbuntu/luis/Documentos/cursos/fp_a_distancia/26-Python/gac/tarea2/salida/python/templates/sql
2026-02-25 08:28:57,068 - f:dbTipo:125 [INFO]:
Conectando a la base de datos SQLite en '/media/homeUbuntu/luis/Documentos/cursos/fp_a_distancia/26-Python/gac/tarea2/salida/python/salida/php/db_in_sqlite.db'...
2026-02-25 08:28:57,069 - f:dbTipo:125 [INFO]:
Conectando a la base de datos SQLite en '/media/homeUbuntu/luis/Documentos/cursos/fp_a_distancia/26-Python/gac/tarea2/salida/python/salida/php/db_in_sqlite.db'...
2026-02-25 08:31:49,132 - f:tabla_alumnos:52 [DEBUG]:
Path to sql:/media/homeUbuntu/luis/Documentos/cursos/fp_a_distancia/26-Python/gac/tarea2/salida/python/templates/sql
2026-02-25 08:31:49,132 - f:dbTipo:125 [INFO]:
Conectando a la base de datos SQLite en '/media/homeUbuntu/luis/Documentos/cursos/fp_a_distancia/26-Python/gac/tarea2/salida/python/salida/php/db_in_sqlite.db'...
2026-02-25 08:31:49,132 - f:dbTipo:125 [INFO]:
Conectando a la base de datos SQLite en '/media/homeUbuntu/luis/Documentos/cursos/fp_a_distancia/26-Python/gac/tarea2/salida/python/salida/php/db_in_sqlite.db'...
2026-02-25 08:34:10,532 - f:tabla_alumnos:52 [DEBUG]:
Path to sql:/media/homeUbuntu/luis/Documentos/cursos/fp_a_distancia/26-Python/gac/tarea2/salida/python/templates/sql
2026-02-25 08:34:10,532 - f:dbTipo:125 [INFO]:
Conectando a la base de datos SQLite en '/media/homeUbuntu/luis/Documentos/cursos/fp_a_distancia/26-Python/gac/tarea2/salida/python/salida/php/db_in_sqlite.db'...
2026-02-25 08:34:10,532 - f:dbTipo:125 [INFO]:
Conectando a la base de datos SQLite en '/media/homeUbuntu/luis/Documentos/cursos/fp_a_distancia/26-Python/gac/tarea2/salida/python/salida/php/db_in_sqlite.db'...
2026-02-25 15:25:16,709 - f:tabla_alumnos:52 [DEBUG]:
Path to sql:/media/homeUbuntu/luis/Documentos/cursos/fp_a_distancia/26-Python/gac/tarea2/salida/python/templates/sql
2026-02-25 15:25:16,709 - f:dbTipo:125 [INFO]:
Conectando a la base de datos SQLite en '/media/homeUbuntu/luis/Documentos/cursos/fp_a_distancia/26-Python/gac/tarea2/salida/python/salida/php/db_in_sqlite.db'...
2026-02-25 15:25:16,709 - f:dbTipo:125 [INFO]:
Conectando a la base de datos SQLite en '/media/homeUbuntu/luis/Documentos/cursos/fp_a_distancia/26-Python/gac/tarea2/salida/python/salida/php/db_in_sqlite.db'...
2026-02-25 15:30:05,645 - f:tabla_alumnos:52 [DEBUG]:
Path to sql:/media/homeUbuntu/luis/Documentos/cursos/fp_a_distancia/26-Python/gac/tarea2/salida/python/templates/sql
2026-02-25 15:30:05,645 - f:dbTipo:125 [INFO]:
Conectando a la base de datos SQLite en '/media/homeUbuntu/luis/Documentos/cursos/fp_a_distancia/26-Python/gac/tarea2/salida/python/salida/php/db_in_sqlite.db'...
2026-02-25 15:30:05,645 - f:dbTipo:125 [INFO]:
Conectando a la base de datos SQLite en '/media/homeUbuntu/luis/Documentos/cursos/fp_a_distancia/26-Python/gac/tarea2/salida/python/salida/php/db_in_sqlite.db'...
2026-02-25 15:30:29,453 - f:tabla_alumnos:52 [DEBUG]:
Path to sql:/media/homeUbuntu/luis/Documentos/cursos/fp_a_distancia/26-Python/gac/tarea2/salida/python/templates/sql
2026-02-25 15:30:29,453 - f:dbTipo:125 [INFO]:
Conectando a la base de datos SQLite en '/media/homeUbuntu/luis/Documentos/cursos/fp_a_distancia/26-Python/gac/tarea2/salida/python/salida/php/db_in_sqlite.db'...
2026-02-25 15:30:29,454 - f:dbTipo:125 [INFO]:
Conectando a la base de datos SQLite en '/media/homeUbuntu/luis/Documentos/cursos/fp_a_distancia/26-Python/gac/tarea2/salida/python/salida/php/db_in_sqlite.db'...
2026-02-25 15:37:00,889 - f:tabla_alumnos:52 [DEBUG]:
Path to sql:/media/homeUbuntu/luis/Documentos/cursos/fp_a_distancia/26-Python/gac/tarea2/salida/python/templates/sql
2026-02-25 15:37:00,889 - f:dbTipo:125 [INFO]:
Conectando a la base de datos SQLite en '/media/homeUbuntu/luis/Documentos/cursos/fp_a_distancia/26-Python/gac/tarea2/salida/python/salida/php/db_in_sqlite.db'...
2026-02-25 15:37:00,889 - f:dbTipo:125 [INFO]:
Conectando a la base de datos SQLite en '/media/homeUbuntu/luis/Documentos/cursos/fp_a_distancia/26-Python/gac/tarea2/salida/python/salida/php/db_in_sqlite.db'...
2026-02-25 15:40:51,728 - f:tabla_alumnos:52 [DEBUG]:
Path to sql:/media/homeUbuntu/luis/Documentos/cursos/fp_a_distancia/26-Python/gac/tarea2/salida/python/templates/sql
2026-02-25 15:40:51,728 - f:dbTipo:125 [INFO]:
Conectando a la base de datos SQLite en '/media/homeUbuntu/luis/Documentos/cursos/fp_a_distancia/26-Python/gac/tarea2/salida/python/salida/php/db_in_sqlite.db'...
2026-02-25 15:40:51,729 - f:dbTipo:125 [INFO]:
Conectando a la base de datos SQLite en '/media/homeUbuntu/luis/Documentos/cursos/fp_a_distancia/26-Python/gac/tarea2/salida/python/salida/php/db_in_sqlite.db'...
2026-02-25 15:41:32,289 - f:tabla_alumnos:52 [DEBUG]:
Path to sql:/media/homeUbuntu/luis/Documentos/cursos/fp_a_distancia/26-Python/gac/tarea2/salida/python/templates/sql
2026-02-25 15:41:32,289 - f:dbTipo:125 [INFO]:
Conectando a la base de datos SQLite en '/media/homeUbuntu/luis/Documentos/cursos/fp_a_distancia/26-Python/gac/tarea2/salida/python/salida/php/db_in_sqlite.db'...
2026-02-25 15:41:32,289 - f:dbTipo:125 [INFO]:
Conectando a la base de datos SQLite en '/media/homeUbuntu/luis/Documentos/cursos/fp_a_distancia/26-Python/gac/tarea2/salida/python/salida/php/db_in_sqlite.db'...
2026-02-25 15:43:00,377 - f:tabla_alumnos:52 [DEBUG]:
Path to sql:/media/homeUbuntu/luis/Documentos/cursos/fp_a_distancia/26-Python/gac/tarea2/salida/python/templates/sql
2026-02-25 15:43:00,377 - f:dbTipo:125 [INFO]:
Conectando a la base de datos SQLite en '/media/homeUbuntu/luis/Documentos/cursos/fp_a_distancia/26-Python/gac/tarea2/salida/python/salida/php/db_in_sqlite.db'...
2026-02-25 15:43:00,377 - f:dbTipo:125 [INFO]:
Conectando a la base de datos SQLite en '/media/homeUbuntu/luis/Documentos/cursos/fp_a_distancia/26-Python/gac/tarea2/salida/python/salida/php/db_in_sqlite.db'...
2026-02-25 15:44:24,215 - f:tabla_alumnos:52 [DEBUG]:
Path to sql:/media/homeUbuntu/luis/Documentos/cursos/fp_a_distancia/26-Python/gac/tarea2/salida/python/templates/sql
2026-02-25 15:44:24,215 - f:dbTipo:125 [INFO]:
Conectando a la base de datos SQLite en '/media/homeUbuntu/luis/Documentos/cursos/fp_a_distancia/26-Python/gac/tarea2/salida/python/salida/php/db_in_sqlite.db'...
2026-02-25 15:44:24,216 - f:dbTipo:125 [INFO]:
Conectando a la base de datos SQLite en '/media/homeUbuntu/luis/Documentos/cursos/fp_a_distancia/26-Python/gac/tarea2/salida/python/salida/php/db_in_sqlite.db'...
2026-02-25 15:57:24,025 - f:tabla_alumnos:52 [DEBUG]:
Path to sql:/media/homeUbuntu/luis/Documentos/cursos/fp_a_distancia/26-Python/gac/tarea2/salida/python/templates/sql
2026-02-25 16:00:18,706 - f:tabla_alumnos:52 [DEBUG]:
Path to sql:/media/homeUbuntu/luis/Documentos/cursos/fp_a_distancia/26-Python/gac/tarea2/salida/python/templates/sql
2026-02-25 16:01:03,546 - f:tabla_alumnos:52 [DEBUG]:
Path to sql:/media/homeUbuntu/luis/Documentos/cursos/fp_a_distancia/26-Python/gac/tarea2/salida/python/templates/sql
2026-02-25 16:01:03,546 - f:dbTipo:125 [INFO]:
3. Conectando a la base de datos SQLite en '/media/homeUbuntu/luis/Documentos/cursos/fp_a_distancia/26-Python/gac/tarea2/salida/python//media/homeUbuntu/luis/Documentos/cursos/fp_a_distancia/26-Python/gac/tarea2/salida/python/salida/php/db_in_sqlite.db'...
2026-02-25 16:01:03,546 - f:dbTipo:125 [INFO]:
3. Conectando a la base de datos SQLite en '/media/homeUbuntu/luis/Documentos/cursos/fp_a_distancia/26-Python/gac/tarea2/salida/python//media/homeUbuntu/luis/Documentos/cursos/fp_a_distancia/26-Python/gac/tarea2/salida/python/salida/php/db_in_sqlite.db'...
2026-02-25 16:06:41,575 - f:tabla_alumnos:52 [DEBUG]:
Path to sql:/media/homeUbuntu/luis/Documentos/cursos/fp_a_distancia/26-Python/gac/tarea2/salida/python/templates/sql
2026-02-25 16:06:41,575 - f:dbTipo:125 [INFO]:
3. Conectando a la base de datos SQLite en '/media/homeUbuntu/luis/Documentos/cursos/fp_a_distancia/26-Python/gac/tarea2/salida/python//media/homeUbuntu/luis/Documentos/cursos/fp_a_distancia/26-Python/gac/tarea2/salida/python/salida/php/db_in_sqlite.db'...
2026-02-25 16:06:41,575 - f:dbTipo:125 [INFO]:
3. Conectando a la base de datos SQLite en '/media/homeUbuntu/luis/Documentos/cursos/fp_a_distancia/26-Python/gac/tarea2/salida/python//media/homeUbuntu/luis/Documentos/cursos/fp_a_distancia/26-Python/gac/tarea2/salida/python/salida/php/db_in_sqlite.db'...
2026-02-25 16:10:02,170 - f:tabla_alumnos:52 [DEBUG]:
Path to sql:/media/homeUbuntu/luis/Documentos/cursos/fp_a_distancia/26-Python/gac/tarea2/salida/python/templates/sql
2026-02-25 16:10:02,170 - f:dbTipo:125 [INFO]:
3. Conectando a la base de datos SQLite en '/media/homeUbuntu/luis/Documentos/cursos/fp_a_distancia/26-Python/gac/tarea2/salida/python//media/homeUbuntu/luis/Documentos/cursos/fp_a_distancia/26-Python/gac/tarea2/salida/python/db_in_sqlite.db'...
2026-02-25 16:10:02,171 - f:dbTipo:125 [INFO]:
3. Conectando a la base de datos SQLite en '/media/homeUbuntu/luis/Documentos/cursos/fp_a_distancia/26-Python/gac/tarea2/salida/python//media/homeUbuntu/luis/Documentos/cursos/fp_a_distancia/26-Python/gac/tarea2/salida/python/db_in_sqlite.db'...
2026-02-25 16:12:12,761 - f:tabla_alumnos:52 [DEBUG]:
Path to sql:/media/homeUbuntu/luis/Documentos/cursos/fp_a_distancia/26-Python/gac/tarea2/salida/python/templates/sql
2026-02-25 16:12:12,761 - f:dbTipo:125 [INFO]:
3. Conectando a la base de datos SQLite en '/media/homeUbuntu/luis/Documentos/cursos/fp_a_distancia/26-Python/gac/tarea2/salida/python/db_in_sqlite.db'...
2026-02-25 16:12:12,762 - f:dbTipo:129 [ERROR]:
Error en la inserción/actualización/borrado sobre 'db_in_sqlite.db': no such table: alumnos
2026-02-25 16:13:32,287 - f:tabla_alumnos:52 [DEBUG]:
Path to sql:/media/homeUbuntu/luis/Documentos/cursos/fp_a_distancia/26-Python/gac/tarea2/salida/python/templates/sql
2026-02-25 16:13:32,287 - f:dbTipo:125 [INFO]:
3. Conectando a la base de datos SQLite en '/media/homeUbuntu/luis/Documentos/cursos/fp_a_distancia/26-Python/gac/tarea2/salida/python/db_in_sqlite.db'...
2026-02-25 16:13:32,288 - f:db:161 [DEBUG]:
Lectura SELECT * FROM alumnos correcta
2026-02-25 16:13:32,288 - f:tabla_alumnos:60 [DEBUG]:
[[1, 'Luis', 'Ferreira', 46], [2, 'Juan', 'Palomo', 16]]
2026-02-25 16:13:32,295 - f:db:161 [DEBUG]:
Lectura SELECT * FROM alumnos correcta
2026-02-25 16:13:32,296 - f:db:161 [DEBUG]:
Lectura SELECT * FROM alumnos correcta
2026-02-25 16:13:32,296 - f:db:161 [DEBUG]:
Lectura SELECT * FROM alumnos correcta
2026-02-25 16:13:54,041 - f:tabla_calificaciones:52 [DEBUG]:
Path to sql:/media/homeUbuntu/luis/Documentos/cursos/fp_a_distancia/26-Python/gac/tarea2/salida/python/templates/sql
2026-02-25 16:13:54,041 - f:dbTipo:125 [INFO]:
3. Conectando a la base de datos SQLite en '/media/homeUbuntu/luis/Documentos/cursos/fp_a_distancia/26-Python/gac/tarea2/salida/python/db_in_sqlite.db'...
2026-02-25 16:13:54,041 - f:db:161 [DEBUG]:
Lectura SELECT * FROM calificaciones correcta
2026-02-25 16:13:54,041 - f:tabla_calificaciones:60 [DEBUG]:
[[1, 1, 5.45], [2, 2, 7]]
2026-02-25 16:13:54,043 - f:db:161 [DEBUG]:
Lectura SELECT * FROM alumnos correcta
2026-02-25 16:13:54,043 - f:db:161 [DEBUG]:
Lectura SELECT * FROM alumnos correcta
2026-02-25 16:13:54,044 - f:db:161 [DEBUG]:
Lectura SELECT * FROM alumnos correcta
2026-02-25 17:35:02,277 - f:tabla_alumnos:52 [DEBUG]:
Path to sql:/media/homeUbuntu/luis/Documentos/cursos/fp_a_distancia/26-Python/gac/tarea2/salida/python/templates/sql
2026-02-25 17:35:02,278 - f:dbTipo:125 [INFO]:
3. Conectando a la base de datos SQLite en '/media/homeUbuntu/luis/Documentos/cursos/fp_a_distancia/26-Python/gac/tarea2/salida/python/db_in_sqlite.db'...
2026-02-25 17:35:02,278 - f:db:160 [DEBUG]:
Lectura SELECT * FROM alumnos correcta
2026-02-25 17:35:02,278 - f:tabla_alumnos:60 [DEBUG]:
[[1, 'Luis', 'Ferreira', 46], [2, 'Juan', 'Palomo', 16]]
2026-02-25 17:35:02,285 - f:db:160 [DEBUG]:
Lectura SELECT * FROM alumnos correcta
2026-02-25 17:35:02,286 - f:db:160 [DEBUG]:
Lectura SELECT * FROM alumnos correcta
2026-02-25 17:35:02,286 - f:db:160 [DEBUG]:
Lectura SELECT * FROM alumnos correcta
2026-02-25 17:37:40,906 - f:tabla_alumnos:52 [DEBUG]:
Path to sql:/media/homeUbuntu/luis/Documentos/cursos/fp_a_distancia/26-Python/gac/tarea2/salida/python/templates/sql
2026-02-25 17:37:40,944 - f:db:212 [DEBUG]:
Lectura SELECT * FROM alumnos correcta
2026-02-25 17:37:40,945 - f:tabla_alumnos:60 [DEBUG]:
[[1, 'Luis', 'Ferreira', 46], [2, 'Juan', 'Palomo', 16]]
2026-02-25 17:37:40,963 - f:db:212 [DEBUG]:
Lectura SELECT * FROM alumnos correcta
2026-02-25 17:37:40,966 - f:db:212 [DEBUG]:
Lectura SELECT * FROM alumnos correcta
2026-02-25 17:37:40,967 - f:db:212 [DEBUG]:
Lectura SELECT * FROM alumnos correcta
